Archive member included to satisfy reference by file (symbol)

/home/mahpar/Documents/scale/hw/target/lpc1313fbd48/build/lib/libscale.a(scale.o)
                              /tmp/ccewlvvh.o (scale_init)
/home/mahpar/Documents/scale/hw/target/lpc1313fbd48/build/lib/libscale.a(bsp.o)
                              /home/mahpar/Documents/scale/hw/target/lpc1313fbd48/build/lib/libscale.a(scale.o) (scale_conf)
/home/mahpar/Documents/scale/hw/target/lpc1313fbd48/build/lib/libscale.a(lpc13xx.o)
                              /home/mahpar/Documents/scale/hw/target/lpc1313fbd48/build/lib/libscale.a(scale.o) (LPC13XX_SYSCON)
/home/mahpar/Documents/scale/hw/target/lpc1313fbd48/build/lib/libscale.a(crt0.o)
                              (__irq_vector)

Allocating common symbols
Common symbol       size              file

scale_conf          0x4               /home/mahpar/Documents/scale/hw/target/lpc1313fbd48/build/lib/libscale.a(bsp.o)

Memory Configuration

Name             Origin             Length             Attributes
rom              0x0000000000000000 0x0000000000008000 xr
ram              0x0000000010000000 0x0000000000002000 xrw
*default*        0x0000000000000000 0xffffffffffffffff

Linker script and memory map

LOAD /tmp/ccewlvvh.o
LOAD /tmp/ccbwed5e.o
LOAD /home/mahpar/Documents/scale/hw/target/lpc1313fbd48/build/lib/libscale.a
START GROUP
LOAD /usr/lib/gcc/arm-none-eabi/9.2.1/thumb/v7-m/nofp/libgcc.a
LOAD /usr/lib/gcc/arm-none-eabi/9.2.1/../../../arm-none-eabi/lib/thumb/v7-m/nofp/libc.a
END GROUP
                0x0000000000000000                . = 0x0

.text           0x0000000000000000      0x738
                0x0000000000000000                __head_text = .
 *(.data.__irq_handler)
 .data.__irq_handler
                0x0000000000000000       0x40 /home/mahpar/Documents/scale/hw/target/lpc1313fbd48/build/lib/libscale.a(crt0.o)
                0x0000000000000000                __irq_vector
 *(.text.__irq_handler)
 .text.__irq_handler
                0x0000000000000040       0x48 /home/mahpar/Documents/scale/hw/target/lpc1313fbd48/build/lib/libscale.a(crt0.o)
                0x0000000000000040                __irq_handler_nul
                0x0000000000000042                __irq_handler_rst
 *(.text*)
 .text          0x0000000000000088       0x2e /tmp/ccewlvvh.o
                0x0000000000000088                gmul
                0x00000000000000ac                Mask
 *fill*         0x00000000000000b6        0x2 
 .text.startup  0x00000000000000b8      0x14c /tmp/ccewlvvh.o
                0x00000000000000b8                main
 .text          0x0000000000000204       0x78 /tmp/ccbwed5e.o
                0x0000000000000204                HPC1_opt_1
                0x0000000000000256                gfmul
 .text          0x000000000000027c      0x4a4 /home/mahpar/Documents/scale/hw/target/lpc1313fbd48/build/lib/libscale.a(scale.o)
                0x000000000000027c                scale_init
                0x00000000000004fc                scale_delay_us
                0x0000000000000518                scale_delay_ms
                0x0000000000000530                scale_tsc
                0x0000000000000540                scale_gpio_rd
                0x000000000000057c                scale_gpio_wr
                0x00000000000005c8                scale_uart_rd_avail
                0x00000000000005d8                scale_uart_wr_avail
                0x00000000000005e8                scale_uart_rd
                0x0000000000000600                scale_uart_wr
                0x0000000000000618                scale_i2c_fsm
                0x000000000000070c                scale_i2c_rd
                0x0000000000000716                scale_i2c_wr
 .text          0x0000000000000720        0x0 /home/mahpar/Documents/scale/hw/target/lpc1313fbd48/build/lib/libscale.a(bsp.o)
 .text          0x0000000000000720        0x0 /home/mahpar/Documents/scale/hw/target/lpc1313fbd48/build/lib/libscale.a(lpc13xx.o)
 .text.lpc13xx  0x0000000000000720        0x8 /home/mahpar/Documents/scale/hw/target/lpc1313fbd48/build/lib/libscale.a(lpc13xx.o)
                0x0000000000000720                lpc13xx_irq_enable
                0x0000000000000724                lpc13xx_irq_unable
 .text          0x0000000000000728        0x0 /home/mahpar/Documents/scale/hw/target/lpc1313fbd48/build/lib/libscale.a(crt0.o)
 .text.__start  0x0000000000000728        0xa /home/mahpar/Documents/scale/hw/target/lpc1313fbd48/build/lib/libscale.a(crt0.o)
                0x0000000000000728                __start
 *(.text.*)
 *(.rodata*)
 .rodata        0x0000000000000732        0x6 /home/mahpar/Documents/scale/hw/target/lpc1313fbd48/build/lib/libscale.a(scale.o)
 *(.rodata.*)
                0x0000000000000738                . = ALIGN (0x4)
                0x0000000000000738                __foot_text = .

.glue_7         0x0000000000000738        0x0
 .glue_7        0x0000000000000738        0x0 linker stubs

.glue_7t        0x0000000000000738        0x0
 .glue_7t       0x0000000000000738        0x0 linker stubs

.vfp11_veneer   0x0000000000000738        0x0
 .vfp11_veneer  0x0000000000000738        0x0 linker stubs

.v4_bx          0x0000000000000738        0x0
 .v4_bx         0x0000000000000738        0x0 linker stubs

.iplt           0x0000000000000738        0x0
 .iplt          0x0000000000000738        0x0 /tmp/ccewlvvh.o

.rel.dyn        0x0000000000000738        0x0
 .rel.iplt      0x0000000000000738        0x0 /tmp/ccewlvvh.o

.data           0x0000000010000000      0x350 load address 0x0000000000000740
                0x0000000010000000                __head_data = .
 *(.data)
 .data          0x0000000010000000      0x322 /tmp/ccewlvvh.o
                0x0000000010000000                share_n
                0x0000000010000004                table
 .data          0x0000000010000322        0x0 /tmp/ccbwed5e.o
 .data          0x0000000010000322        0x4 /home/mahpar/Documents/scale/hw/target/lpc1313fbd48/build/lib/libscale.a(scale.o)
                0x0000000010000322                SCALE_CONF
 .data          0x0000000010000326        0x0 /home/mahpar/Documents/scale/hw/target/lpc1313fbd48/build/lib/libscale.a(bsp.o)
 .data          0x0000000010000326        0x0 /home/mahpar/Documents/scale/hw/target/lpc1313fbd48/build/lib/libscale.a(lpc13xx.o)
 .data          0x0000000010000326        0x0 /home/mahpar/Documents/scale/hw/target/lpc1313fbd48/build/lib/libscale.a(crt0.o)
 *(.data.*)
 .data.lpc13xx  0x0000000010000326       0x28 /home/mahpar/Documents/scale/hw/target/lpc1313fbd48/build/lib/libscale.a(lpc13xx.o)
                0x0000000010000326                LPC13XX_SYSCON
                0x000000001000032a                LPC13XX_IOCON
                0x000000001000032e                LPC13XX_GPIO0
                0x0000000010000332                LPC13XX_GPIO1
                0x0000000010000336                LPC13XX_GPIO2
                0x000000001000033a                LPC13XX_GPIO3
                0x000000001000033e                LPC13XX_UART
                0x0000000010000342                LPC13XX_I2C
                0x0000000010000346                LPC13XX_FMC
                0x000000001000034a                LPC13XX_SYSTICK
                0x0000000010000350                . = ALIGN (0x4)
 *fill*         0x000000001000034e        0x2 
                0x0000000010000350                __foot_data = .

.igot.plt       0x0000000010000350        0x0 load address 0x0000000000000a90
 .igot.plt      0x0000000010000350        0x0 /tmp/ccewlvvh.o

.bss            0x0000000010000350        0x4 load address 0x0000000000000a90
                0x0000000010000350                __head_bss = .
 *(.bss)
 .bss           0x0000000010000350        0x0 /tmp/ccewlvvh.o
 .bss           0x0000000010000350        0x0 /tmp/ccbwed5e.o
 .bss           0x0000000010000350        0x0 /home/mahpar/Documents/scale/hw/target/lpc1313fbd48/build/lib/libscale.a(scale.o)
 .bss           0x0000000010000350        0x0 /home/mahpar/Documents/scale/hw/target/lpc1313fbd48/build/lib/libscale.a(bsp.o)
 .bss           0x0000000010000350        0x0 /home/mahpar/Documents/scale/hw/target/lpc1313fbd48/build/lib/libscale.a(lpc13xx.o)
 .bss           0x0000000010000350        0x0 /home/mahpar/Documents/scale/hw/target/lpc1313fbd48/build/lib/libscale.a(crt0.o)
 *(.bss.*)
                0x0000000010000350                . = ALIGN (0x4)
                0x0000000010000350                __foot_bss = .
 COMMON         0x0000000010000350        0x4 /home/mahpar/Documents/scale/hw/target/lpc1313fbd48/build/lib/libscale.a(bsp.o)
                0x0000000010000350                scale_conf
                [!provide]                        PROVIDE (__load_text = LOADADDR (.text))
                0x0000000000000740                PROVIDE (__load_data = LOADADDR (.data))
                0x0000000000000a90                PROVIDE (__load_bss = LOADADDR (.bss))
                0x0000000010002000                PROVIDE (__tos = (ORIGIN (ram) + LENGTH (ram)))
OUTPUT(hpc1_opt_1.elf elf32-littlearm)
LOAD linker stubs

.comment        0x0000000000000000       0x59
 .comment       0x0000000000000000       0x59 /tmp/ccewlvvh.o
                                         0x5a (size before relaxing)
 .comment       0x0000000000000059       0x5a /home/mahpar/Documents/scale/hw/target/lpc1313fbd48/build/lib/libscale.a(scale.o)
 .comment       0x0000000000000059       0x5a /home/mahpar/Documents/scale/hw/target/lpc1313fbd48/build/lib/libscale.a(bsp.o)

.ARM.attributes
                0x0000000000000000       0x2b
 .ARM.attributes
                0x0000000000000000       0x2d /tmp/ccewlvvh.o
 .ARM.attributes
                0x000000000000002d       0x1b /tmp/ccbwed5e.o
 .ARM.attributes
                0x0000000000000048       0x2d /home/mahpar/Documents/scale/hw/target/lpc1313fbd48/build/lib/libscale.a(scale.o)
 .ARM.attributes
                0x0000000000000075       0x33 /home/mahpar/Documents/scale/hw/target/lpc1313fbd48/build/lib/libscale.a(bsp.o)
 .ARM.attributes
                0x00000000000000a8       0x1b /home/mahpar/Documents/scale/hw/target/lpc1313fbd48/build/lib/libscale.a(lpc13xx.o)
 .ARM.attributes
                0x00000000000000c3       0x1b /home/mahpar/Documents/scale/hw/target/lpc1313fbd48/build/lib/libscale.a(crt0.o)
